rope text dflash axes=1 route=split-h5 T=7 median=    4.51 us  min=    4.38 us  p95=    6.02 us      31.8 GB/s  (1.8% of 1792 GB/s roofline)
rope text dflash axes=1 route=split-h5 T=16 median=    5.95 us  min=    5.15 us  p95=    6.72 us      55.1 GB/s  (3.1% of 1792 GB/s roofline)
rope text dflash axes=1 route=split-h8 T=40 median=    8.03 us  min=    6.40 us  p95=    8.77 us     102.0 GB/s  (5.7% of 1792 GB/s roofline)
rope text dflash axes=1 route=split-h8 T=128 median=   12.13 us  min=   12.00 us  p95=   12.16 us     216.1 GB/s  (12.1% of 1792 GB/s roofline)
rope text dflash axes=1 route=split-h8 T=256 median=   18.75 us  min=   18.08 us  p95=   18.91 us     279.6 GB/s  (15.6% of 1792 GB/s roofline)
rope text dflash axes=1 route=fixed-b160 T=512 median=   18.24 us  min=   16.61 us  p95=   22.30 us     574.9 GB/s  (32.1% of 1792 GB/s roofline)
rope text dflash axes=1 route=fixed-b160 T=1024 median=   28.51 us  min=   28.38 us  p95=   28.83 us     735.5 GB/s  (41.0% of 1792 GB/s roofline)
rope text 27b axes=1 route=fixed-b256 T=7 median=    5.95 us  min=    5.09 us  p95=    6.24 us       8.4 GB/s  (0.5% of 1792 GB/s roofline)
rope text 35b axes=1 route=fixed-b256 T=7 median=    5.98 us  min=    4.51 us  p95=    6.40 us       5.4 GB/s  (0.3% of 1792 GB/s roofline)
rope text 27b axes=1 route=fixed-b256 T=16 median=    5.98 us  min=    5.41 us  p95=    6.02 us      19.2 GB/s  (1.1% of 1792 GB/s roofline)
rope text 35b axes=1 route=fixed-b256 T=16 median=    5.92 us  min=    4.48 us  p95=    5.98 us      12.5 GB/s  (0.7% of 1792 GB/s roofline)
rope text 27b axes=1 route=fixed-b256 T=40 median=    5.92 us  min=    5.31 us  p95=   13.02 us      48.4 GB/s  (2.7% of 1792 GB/s roofline)
rope text 35b axes=1 route=fixed-b256 T=40 median=    5.95 us  min=    4.96 us  p95=    5.98 us      31.0 GB/s  (1.7% of 1792 GB/s roofline)
rope text 27b axes=1 route=fixed-b256 T=128 median=    8.03 us  min=    7.90 us  p95=    8.10 us     114.2 GB/s  (6.4% of 1792 GB/s roofline)
rope text 35b axes=1 route=fixed-b256 T=128 median=    7.97 us  min=    6.21 us  p95=    8.03 us      74.0 GB/s  (4.1% of 1792 GB/s roofline)
rope text 27b axes=1 route=fixed-b256 T=256 median=   10.02 us  min=    9.86 us  p95=   10.05 us     183.2 GB/s  (10.2% of 1792 GB/s roofline)
rope text 35b axes=1 route=fixed-b256 T=256 median=    8.64 us  min=    7.90 us  p95=   10.05 us     136.5 GB/s  (7.6% of 1792 GB/s roofline)
rope text 27b axes=1 route=fixed-b256 T=512 median=   14.14 us  min=   13.98 us  p95=   17.92 us     259.5 GB/s  (14.5% of 1792 GB/s roofline)
rope text 35b axes=1 route=fixed-b256 T=512 median=   12.13 us  min=   11.81 us  p95=   12.19 us     194.5 GB/s  (10.9% of 1792 GB/s roofline)
rope text 27b axes=1 route=fixed-b192 T=1024 median=   22.18 us  min=   21.63 us  p95=   22.37 us     331.0 GB/s  (18.5% of 1792 GB/s roofline)
rope text 35b axes=1 route=fixed-b192 T=1024 median=   16.86 us  min=   16.29 us  p95=   18.27 us     279.8 GB/s  (15.6% of 1792 GB/s roofline)
rope text 27b axes=3 route=fixed-b256 T=7 median=    5.98 us  min=    4.93 us  p95=   10.46 us       8.4 GB/s  (0.5% of 1792 GB/s roofline)
rope text 35b axes=3 route=fixed-b256 T=7 median=    5.98 us  min=    4.58 us  p95=    6.46 us       5.4 GB/s  (0.3% of 1792 GB/s roofline)
rope text 27b axes=3 route=fixed-b256 T=16 median=    5.98 us  min=    5.12 us  p95=    6.11 us      19.2 GB/s  (1.1% of 1792 GB/s roofline)
rope text 35b axes=3 route=fixed-b256 T=16 median=    5.95 us  min=    4.54 us  p95=    6.14 us      12.4 GB/s  (0.7% of 1792 GB/s roofline)
rope text 27b axes=3 route=fixed-b256 T=40 median=    5.89 us  min=    5.15 us  p95=    5.92 us      48.7 GB/s  (2.7% of 1792 GB/s roofline)
rope text 35b axes=3 route=fixed-b256 T=40 median=    5.98 us  min=    4.70 us  p95=   14.50 us      30.8 GB/s  (1.7% of 1792 GB/s roofline)
rope text 27b axes=3 route=fixed-b256 T=128 median=    8.03 us  min=    7.87 us  p95=    8.10 us     114.2 GB/s  (6.4% of 1792 GB/s roofline)
rope text 35b axes=3 route=fixed-b256 T=128 median=    7.94 us  min=    6.40 us  p95=    8.00 us      74.3 GB/s  (4.1% of 1792 GB/s roofline)
rope text 27b axes=3 route=fixed-b256 T=256 median=   10.08 us  min=    9.82 us  p95=   13.63 us     182.0 GB/s  (10.2% of 1792 GB/s roofline)
rope text 35b axes=3 route=fixed-b256 T=256 median=   10.05 us  min=    8.22 us  p95=   10.08 us     117.4 GB/s  (6.6% of 1792 GB/s roofline)
rope text 27b axes=3 route=fixed-b256 T=512 median=   14.43 us  min=   13.95 us  p95=   19.52 us     254.3 GB/s  (14.2% of 1792 GB/s roofline)
rope text 35b axes=3 route=fixed-b256 T=512 median=   12.38 us  min=   11.94 us  p95=   12.51 us     190.5 GB/s  (10.6% of 1792 GB/s roofline)
rope text 27b axes=3 route=fixed-b192 T=1024 median=   22.46 us  min=   22.18 us  p95=   26.59 us     326.7 GB/s  (18.2% of 1792 GB/s roofline)
rope text 35b axes=3 route=fixed-b192 T=1024 median=   18.27 us  min=   16.77 us  p95=   18.27 us     258.2 GB/s  (14.4% of 1792 GB/s roofline)
