rope text dflash axes=1 route=public-op T=7 median=    5.15 us  min=    4.45 us  p95=    8.67 us      27.8 GB/s  (1.6% of 1792 GB/s roofline)
rope text dflash axes=1 route=public-op T=16 median=    6.02 us  min=    5.28 us  p95=    6.05 us      54.5 GB/s  (3.0% of 1792 GB/s roofline)
rope text dflash axes=1 route=public-op T=40 median=    5.98 us  min=    5.12 us  p95=    6.02 us     136.9 GB/s  (7.6% of 1792 GB/s roofline)
rope text dflash axes=1 route=public-op T=128 median=    8.29 us  min=    7.74 us  p95=    8.90 us     316.3 GB/s  (17.7% of 1792 GB/s roofline)
rope text dflash axes=1 route=public-op T=256 median=   12.10 us  min=   11.78 us  p95=   12.13 us     433.4 GB/s  (24.2% of 1792 GB/s roofline)
rope text dflash axes=1 route=public-op T=512 median=   18.11 us  min=   16.54 us  p95=   21.60 us     578.9 GB/s  (32.3% of 1792 GB/s roofline)
rope text dflash axes=1 route=public-op T=1024 median=   28.51 us  min=   28.10 us  p95=   29.02 us     735.5 GB/s  (41.0% of 1792 GB/s roofline)
rope text 27b axes=1 route=public-op T=7 median=    4.22 us  min=    4.16 us  p95=    6.08 us      11.9 GB/s  (0.7% of 1792 GB/s roofline)
rope text 35b axes=1 route=public-op T=7 median=    4.10 us  min=    4.00 us  p95=    5.79 us       7.9 GB/s  (0.4% of 1792 GB/s roofline)
rope text 27b axes=1 route=public-op T=16 median=    4.19 us  min=    4.06 us  p95=    5.98 us      27.4 GB/s  (1.5% of 1792 GB/s roofline)
rope text 35b axes=1 route=public-op T=16 median=    5.50 us  min=    4.00 us  p95=    7.46 us      13.4 GB/s  (0.7% of 1792 GB/s roofline)
rope text 27b axes=1 route=public-op T=40 median=    5.95 us  min=    4.90 us  p95=    5.98 us      48.2 GB/s  (2.7% of 1792 GB/s roofline)
rope text 35b axes=1 route=public-op T=40 median=    4.22 us  min=    4.19 us  p95=    5.98 us      43.6 GB/s  (2.4% of 1792 GB/s roofline)
rope text 27b axes=1 route=public-op T=128 median=    7.87 us  min=    6.11 us  p95=   14.24 us     116.6 GB/s  (6.5% of 1792 GB/s roofline)
rope text 35b axes=1 route=public-op T=128 median=    5.95 us  min=    5.76 us  p95=    5.98 us      99.1 GB/s  (5.5% of 1792 GB/s roofline)
rope text 27b axes=1 route=public-op T=256 median=   10.02 us  min=    8.22 us  p95=   10.08 us     183.2 GB/s  (10.2% of 1792 GB/s roofline)
rope text 35b axes=1 route=public-op T=256 median=    8.00 us  min=    7.55 us  p95=    9.82 us     147.5 GB/s  (8.2% of 1792 GB/s roofline)
rope text 27b axes=1 route=public-op T=512 median=   12.64 us  min=   12.45 us  p95=   14.14 us     290.3 GB/s  (16.2% of 1792 GB/s roofline)
rope text 35b axes=1 route=public-op T=512 median=   10.27 us  min=   10.08 us  p95=   12.29 us     229.7 GB/s  (12.8% of 1792 GB/s roofline)
rope text 27b axes=1 route=public-op T=1024 median=   20.35 us  min=   20.10 us  p95=   21.25 us     360.7 GB/s  (20.1% of 1792 GB/s roofline)
rope text 35b axes=1 route=public-op T=1024 median=   16.26 us  min=   15.74 us  p95=   19.39 us     290.3 GB/s  (16.2% of 1792 GB/s roofline)
rope text 27b axes=3 route=public-op T=7 median=    4.38 us  min=    4.26 us  p95=    6.05 us      11.4 GB/s  (0.6% of 1792 GB/s roofline)
rope text 35b axes=3 route=public-op T=7 median=    4.19 us  min=    4.06 us  p95=    6.30 us       7.7 GB/s  (0.4% of 1792 GB/s roofline)
rope text 27b axes=3 route=public-op T=16 median=    5.50 us  min=    4.22 us  p95=   10.50 us      20.8 GB/s  (1.2% of 1792 GB/s roofline)
rope text 35b axes=3 route=public-op T=16 median=    5.22 us  min=    4.13 us  p95=    6.02 us      14.1 GB/s  (0.8% of 1792 GB/s roofline)
rope text 27b axes=3 route=public-op T=40 median=    5.95 us  min=    5.76 us  p95=    5.98 us      48.2 GB/s  (2.7% of 1792 GB/s roofline)
rope text 35b axes=3 route=public-op T=40 median=    5.02 us  min=    4.29 us  p95=    6.21 us      36.7 GB/s  (2.0% of 1792 GB/s roofline)
rope text 27b axes=3 route=public-op T=128 median=    6.30 us  min=    6.21 us  p95=    8.00 us     145.5 GB/s  (8.1% of 1792 GB/s roofline)
rope text 35b axes=3 route=public-op T=128 median=    5.98 us  min=    5.76 us  p95=    6.05 us      98.6 GB/s  (5.5% of 1792 GB/s roofline)
rope text 27b axes=3 route=public-op T=256 median=    9.95 us  min=    8.42 us  p95=   14.14 us     184.4 GB/s  (10.3% of 1792 GB/s roofline)
rope text 35b axes=3 route=public-op T=256 median=    8.00 us  min=    7.81 us  p95=    8.03 us     147.5 GB/s  (8.2% of 1792 GB/s roofline)
rope text 27b axes=3 route=public-op T=512 median=   14.14 us  min=   12.70 us  p95=   15.01 us     259.5 GB/s  (14.5% of 1792 GB/s roofline)
rope text 35b axes=3 route=public-op T=512 median=   10.50 us  min=   10.37 us  p95=   12.13 us     224.8 GB/s  (12.5% of 1792 GB/s roofline)
rope text 27b axes=3 route=public-op T=1024 median=   20.29 us  min=   20.10 us  p95=   21.44 us     361.8 GB/s  (20.2% of 1792 GB/s roofline)
rope text 35b axes=3 route=public-op T=1024 median=   16.26 us  min=   15.94 us  p95=   16.90 us     290.3 GB/s  (16.2% of 1792 GB/s roofline)
